    ╭──────────────────────────────────────────────────╮
    │  🔍 Local Search (Agent Deck sessions)           │
    │  ╭────────────────────────────────────────╮      │
    │  │ > Search sessions...                   │      │
    │  ╰────────────────────────────────────────╯      │
    │  ⚠ Recall is off ([recall] enabled = false in    │
    │  config.toml)                                    │
    │    Tip: waiting / running / idle to filter by    │
    │  status                                          │
    │      session-10 (claude)  my-sessions · ?        │
    │    › session-11 (claude)  my-sessions · ?        │
    │    11 results                                    │
    │    [Enter] Select  [↑↓] Navigate                 │
    │    [Tab] Global  [Esc] Cancel                    │
    ╰──────────────────────────────────────────────────╯
