Usage: agent-deck status [options]

Show a summary of session statuses.

Options:
  -json
    	Output as JSON
  -q	Only output waiting count (short)
  -quiet
    	Only output waiting count (for scripts)
  -stale
    	Show read-only stale-session candidates (never stops or removes anything)
  -threshold string
    	Staleness age threshold for --stale, e.g. 24h, 48h, 168h (Go duration syntax) (default "24h0m0s")
  -v	Show detailed session list (short)
  -verbose
    	Show detailed session list

Examples:
  agent-deck status              # Quick summary
  agent-deck status -v           # Detailed list
  agent-deck status -q           # Just waiting count
  agent-deck -p work status      # Status for 'work' profile
  agent-deck status --stale                  # Read-only stale-candidate view (never-started/bash-idle/last-activity)
  agent-deck status --stale --threshold 48h  # Widen the staleness window
  agent-deck status --stale --json           # Machine-readable candidates, for agents

--stale --json shape:
  {"threshold_seconds":86400,"total":5,"stale_count":2,"note":"...",
   "candidates":[{"id":"...","title":"...","tool":"...","status":"idle",
     "substate":"...","path":"...","group_path":"...","parent_session_id":"...",
     "reasons":["never-started"],"never_started":true,"created_at":"...",
     "last_started_at":"...","last_activity_at":"...","last_activity_age_seconds":90000}]}
  --stale is READ-ONLY: it never stops or removes a session. Review candidates,
  then act yourself via `session stop`/`session remove`.
