⟨ ● │ ◐ │ ◐ ⟩  Agent Deck  11 sessions                                <version>
  All    ● 1   ◐ 2   ○ 1   ■ 2   ✕ 5   !@#& filter • 0 all • % open • …
SESSIONS                     │ PREVIEW
──────────────────────────── │ ─────────────────────────────────────────────────
  ▸ alpha (7) ● 1 ◐ 1        │ 📁 alpha
2·▾ beta (4) ◐ 1             │
   ├─ ✕ gemini-idle gemini   │ 4 sessions
   ├─ ✕ pi-idle pi           │
   ├─ ◐ claude-i18n claude   │ ◐ 1 waiting  ■ 2 stopped  ✕ 1 error
   └─ ○ shell-live shell     │
  ▾ remotes/lab (0) · unrea… │ ───────────────── Sessions ─────────────────
                             │   ■ opencode-idle opencode
                             │   ✕ claude-idle claude
                             │   ◐ claude-waiting claude
                             │   ■ claude-stopped claude
                             │
                             │ Tab toggle • r rename • d delete • g subgroup
                             │
                             │
                             │
                             │
                             │
⚠ Health: tmux calls exceed twice the session count