 ⟨ ● │ ◐ │ ◐ ⟩  Agent Deck  11 sessions                                <version>
  All    ● 1   ◐ 2   ○ 1   ■ 2   ✕ 5   !@#& filter • 0 all • % open • …
SESSIONS                     │ PREVIEW
──────────────────────────── │ ─────────────────────────────────────────────────
1·▾ alpha (7) ● 1 ◐ 1        │ claude-waiting  ◐ waiting
   ├─ ■ opencode-… opencode  │ ╭─────────────────────────────────────────────╮
   ├─ ✕ claude-idle claude   │ │                                             │
  ▶├─ ◐ claude-wait… claude  │ │  Switch session                             │
   └─ ■ claude-stop… claude  │ │                                             │
    ▾ backend (3) ● 1        │ │  > ◐ claude-waiting (claude) <id>   │
     ├─ ✕ codex-idle codex   │ │    ● claude-running (claude) <id>   │
     ├─ ● claude-ru… claude  │ │    ◐ claude-i18n (claude) <id>      │
     └─ ✕ claude-er… claude  │ │    ○ shell-live (shell) <id>        │
2·▾ beta (4) ◐ 1             │ │                                             │
   ├─ ✕ gemini-idle gemini   │ │  Ctrl+S next · Ctrl+A prev                  │
   ├─ ✕ pi-idle pi           │ │  ↑/↓ browse · Enter attach · Esc close      │
   ├─ ◐ claude-i18n claude   │ │                                             │
   └─ ○ shell-live shell     │ ╰─────────────────────────────────────────────╯
  ▾ remotes/lab (0) · unrea… │
                             │
                             │
                             │
⚠ Health: tmux calls exceed twice the session count