⟨ ● │ ◐ │ ◐ ⟩  Agent Deck  ● 1 running • ◐ 3 waiting • ○ 1 idle • ■ 2 stopped • ✕ 5 error • ⚙ 36% │ ▪ 865.7G/926.4G                                                                           <version>
  All    ● 1   ◐ 3   ○ 1   ■ 2   ✕ 5   !@#& filter • 0 all • % open • ^ archived • t view • * time
SESSIONS                                                               │ PREVIEW
────────────────────────────────────────────────────────────────────── │ ───────────────────────────────────────────────────────────────────────────────────────────────────────────────────────────────
1·▾ alpha (8) ● 1 ◐ 2                                                  │ claude-waiting  ◐ waiting
   ├─ ■ opencode-idle opencode                                         │ 📁 /tmp/vc-<tmp>
   ├─ ✕ claude-idle claude                                             │ ⏱ <age>
  ▶├─ ◐ claude-waiting claude <hostname>                           │ 👁️ no viewers
   ├─ ■ claude-stopped claude                                          │  claude   alpha
   └─ ◐ claude-waiting (fork) claude [fork/claude-...]                 │ ───────────────────────────────────────────────────────── Claude ─────────────────────────────────────────────────────────
    ▾ backend (3) ● 1                                                  │ Status:  ● Connected
     ├─ ✕ codex-idle codex                                             │ Session: <uuid>
     ├─ ● claude-running claude                                        │ Model:   tool default
     └─ ✕ claude-error claude                                          │ Fork:    f quick fork, F fork with options
2·▾ beta (4) ◐ 1                                                       │
   ├─ ✕ gemini-idle gemini                                             │ ───────────────────────────────────────────────────────── Output ─────────────────────────────────────────────────────────
   ├─ ✕ pi-idle pi                                                     │ Claude Code synthetic fixture
   ├─ ◐ claude-i18n claude                                             │ ❯
   └─ ○ shell-live shell                                               │
  ▾ remotes/lab (0) · unreachable: host down · poll <age>                │
                                                                       │
                                                                       │
                                                                       │
                                                                       │
                                                                       │
                                                                       │
                                                                       │
                                                                       │
                                                                       │
                                                                       │
                                                                       │
                                                                       │
                                                                       │
                                                                       │
                                                                       │
                                                                       │
                                                                       │
                                                                       │
                                                                       │
                                                                       │
                                                                       │
                                                                       │
                                                                       │
                                                                       │
                                                                       │
                                                                       │
                                                                       │
                                                                       │
────────────────────────────────────────────────────────────────────────────────────────────────────────────────────────────────────────────────────────────────────────────────────────────────────────
Session:  Enter  Attach  n/N  New/Quick  g  Group  R  Restart  T  Restart Fresh  f/F  Fork  m  MCP  v  Both  s  Skills  H  Shell  c  Copy  V  Copy pane  x  Send │  r  Rename …        ↑↓ Nav │ q Quit